2026-09-06 20:52:29.616  1879-31484 DynamicCodeLogger       system_server                        E  Could not infer CE/DE storage for path /data/data/com.github.lonepheasantwarrior.talkify/code_cache/startup_agents/d77b4fbe-agent.so
2026-09-06 20:53:25.130  6996-6996  DEBUG                   pid-6996                             A  Cmdline: /apex/com.android.art/bin/art_exec --drop-capabilities --set-task-profile=Dex2OatBackground --set-priority=background --keep-fds=7:8:9:10:11:12 -- /apex/com.android.art/bin/dex2oat32 --zip-fd=7 --zip-location=/data/app/~~SBTfJFXdWM7ILSe02t8ZpQ==/com.github.lonepheasantwarrior.talkify-ytPbCROYkGCCP_CAhMBF1g==/base.apk --oat-fd=8 --oat-location=/data/app/~~SBTfJFXdWM7ILSe02t8ZpQ==/com.github.lonepheasantwarrior.talkify-ytPbCROYkGCCP_CAhMBF1g==/oat/arm64/base.odex --output-vdex-fd=9 --swap-fd=10 --class-loader-context-fds=11:12 --class-loader-context=PCL[]{PCL[/system_ext/framework/androidx.window.extensions.jar]#PCL[/system_ext/framework/androidx.window.sidecar.jar]} --classpath-dir=/data/app/~~SBTfJFXdWM7ILSe02t8ZpQ==/com.github.lonepheasantwarrior.talkify-ytPbCROYkGCCP_CAhMBF1g== --instruction-set=arm64 --instruction-set-features=default --instruction-set-variant=kryo --compiler-filter=verify --compilation-reason=bg-dexopt --max-image-block-size=524288 --resolve-startup-const-strings=true --debuggable --generate-mini-debug-info --runtime-arg -Xtarget-sdk-version:37 --runtime-arg -Xhidden-api-policy:enabled --assume-value=Landroid/os/Build$VERSION;->SDK_INT:36 --no-allow-profile-code --runtime-arg -Xms64m --runtime-arg -Xmx512m --comments=app-name:com.github.lonepheasantwarrior.talkify,app-version-name:1.0.28,app-version-code:30,art-version:361099999
2026-09-06 20:53:25.130  6996-6996  DEBUG                   pid-6996                             A  Abort message: 'Failed to execute (/apex/com.android.art/bin/dex2oat32 --zip-fd=7 --zip-location=/data/app/~~SBTfJFXdWM7ILSe02t8ZpQ==/com.github.lonepheasantwarrior.talkify-ytPbCROYkGCCP_CAhMBF1g==/base.apk --oat-fd=8 --oat-location=/data/app/~~SBTfJFXdWM7ILSe02t8ZpQ==/com.github.lonepheasantwarrior.talkify-ytPbCROYkGCCP_CAhMBF1g==/oat/arm64/base.odex --output-vdex-fd=9 --swap-fd=10 --class-loader-context-fds=11:12 --class-loader-context=PCL[]{PCL[/system_ext/framework/androidx.window.extensions.jar]#PCL[/system_ext/framework/androidx.window.sidecar.jar]} --classpath-dir=/data/app/~~SBTfJFXdWM7ILSe02t8ZpQ==/com.github.lonepheasantwarrior.talkify-ytPbCROYkGCCP_CAhMBF1g== --instruction-set=arm64 --instruction-set-features=default --instruction-set-variant=kryo --compiler-filter=verify --compilation-reason=bg-dexopt --max-image-block-size=524288 --resolve-startup-const-strings=true --debuggable --generate-mini-debug-info --runtime-arg -Xtarget-sdk-version:37 --runtime-arg -Xhidden-api-policy:enabled --assume-value=Landroid/os/Build$VERSION;->SDK_INT:36 --no-allow-profile-code --runtime-arg -Xms64m --runtime-arg -Xmx512m --comments=app-name:com.github.lonepheasantwarrior.talkify,app-version-name:1.0.28,app-version-code:30,art-version:361099999): No such file or directory'
2026-09-06 21:11:00.843  9439-9457  DisplayManager          com...b.lonepheasantwarrior.talkify  I  Choreographer implicitly registered for the refresh rate.
2026-09-06 21:11:01.513  9439-9439  InsetsController        com...b.lonepheasantwarrior.talkify  D  hide(ime())
2026-09-06 21:11:03.027  9439-9439  InsetsController        com...b.lonepheasantwarrior.talkify  D  hide(ime())
2026-09-06 21:11:04.725  9439-9439  InsetsController        com...b.lonepheasantwarrior.talkify  D  hide(ime())
2026-09-06 21:11:08.147  9439-9439  InsetsController        com...b.lonepheasantwarrior.talkify  D  hide(ime())
2026-09-06 21:11:10.395  9439-9439  InsetsController        com...b.lonepheasantwarrior.talkify  D  hide(ime())
2026-09-06 21:11:22.471  9525-9546  DisplayManager          com...b.lonepheasantwarrior.talkify  I  Choreographer implicitly registered for the refresh rate.
2026-09-06 21:11:23.015  9525-9525  InsetsController        com...b.lonepheasantwarrior.talkify  D  hide(ime())
2026-09-06 21:11:24.156  9525-9525  InsetsController        com...b.lonepheasantwarrior.talkify  D  hide(ime())
2026-09-06 22:09:35.287  9525-9525  InsetsController        com...b.lonepheasantwarrior.talkify  D  hide(ime())
2026-09-06 22:09:37.065  9525-9525  InsetsController        com...b.lonepheasantwarrior.talkify  D  hide(ime())
2026-09-06 22:09:37.744  9525-9525  InsetsController        com...b.lonepheasantwarrior.talkify  D  hide(ime())
2026-09-06 22:19:38.013  9525-9525  VRI[MainActivity]       com...b.lonepheasantwarrior.talkify  D  visibilityChanged oldVisibility=true newVisibility=false
2026-09-06 22:19:38.014  9525-9525  VRI[MainActivity]       com...b.lonepheasantwarrior.talkify  D  visibilityChanged oldVisibility=true newVisibility=false
2026-09-06 22:28:26.636  9525-9525  ViewRootImpl            com...b.lonepheasantwarrior.talkify  D  Skipping stats log for color mode
2026-09-06 22:28:26.636  9525-9525  ViewRootImpl            com...b.lonepheasantwarrior.talkify  D  Skipping stats log for color mode
2026-09-06 22:28:26.638  9525-9525  VRI[MainActivity]       com...b.lonepheasantwarrior.talkify  D  visibilityChanged oldVisibility=false newVisibility=true
2026-09-06 22:28:26.643  9525-9562  TextToSpeech            com...b.lonepheasantwarrior.talkify  I  Sucessfully bound to com.github.lonepheasantwarrior.talkify
2026-09-06 22:28:26.644  9525-9562  StartupCoordinator      com...b.lonepheasantwarrior.talkify  D  Default TTS engine: com.github.lonepheasantwarrior.talkify
2026-09-06 22:28:26.660  9525-9525  VRI[MainActivity]       com...b.lonepheasantwarrior.talkify  D  visibilityChanged oldVisibility=false newVisibility=true
2026-09-06 22:28:26.661  9525-9525  StartupCoordinator      com...b.lonepheasantwarrior.talkify  I  Talkify is default provider: true
2026-09-06 22:28:26.672  9525-9540  TextToSpeech            com...b.lonepheasantwarrior.talkify  I  Connected to TTS engine
2026-09-06 22:28:26.673  9525-9579  TalkifyTTS              com...b.lonepheasantwarrior.talkify  D  onIsLanguageAvailable: TextToSpeech.LANG_AVAILABLE [lang: zho, country: CHN, variant: ]
2026-09-06 22:28:26.673  9525-9579  TalkifyTTS              com...b.lonepheasantwarrior.talkify  D  onGetDefaultVoiceNameFor: lang: zho, country: CHN, variant:
2026-09-06 22:28:26.673  9525-9579  TalkifyTTS              com...b.lonepheasantwarrior.talkify  D  onGetDefaultVoiceNameFor: defaultVoiceName: temp_leijun
2026-09-06 22:28:26.673  9525-9579  TextToSpeech            com...b.lonepheasantwarrior.talkify  I  Setting up the connection to TTS engine...
2026-09-06 22:28:27.077  9525-9525  InsetsController        com...b.lonepheasantwarrior.talkify  D  hide(ime())
2026-09-06 22:28:27.077  9525-9525  ImeTracker              com...b.lonepheasantwarrior.talkify  I  com.github.lonepheasantwarrior.talkify:c97b4e5: onCancelled at PHASE_CLIENT_ALREADY_HIDDEN
2026-09-06 22:37:27.198  9525-9525  WindowOnBackDispatcher  com...b.lonepheasantwarrior.talkify  D  setTopOnBackInvokedCallback (unwrapped): null
2026-09-06 22:37:27.247  9525-9525  InsetsController        com...b.lonepheasantwarrior.talkify  D  hide(ime())
2026-09-06 22:37:27.248  9525-9525  ImeTracker              com...b.lonepheasantwarrior.talkify  I  com.github.lonepheasantwarrior.talkify:95b34bf4: onCancelled at PHASE_CLIENT_ALREADY_HIDDEN
2026-09-06 22:37:27.728  9525-9525  WindowOnBackDispatcher  com...b.lonepheasantwarrior.talkify  D  setTopOnBackInvokedCallback (unwrapped): android.app.Dialog$$ExternalSyntheticLambda2@49ab0e0
2026-09-06 22:37:27.729  9525-9525  WindowOnBackDispatcher  com...b.lonepheasantwarrior.talkify  D  setTopOnBackInvokedCallback (unwrapped): androidx.navigationevent.OnBackInvokedInput$createOnBackAnimationCallback$1@501bf99
2026-09-06 22:37:27.842  9525-9525  InsetsController        com...b.lonepheasantwarrior.talkify  D  hide(ime())
2026-09-06 22:37:27.842  9525-9525  ImeTracker              com...b.lonepheasantwarrior.talkify  I  com.github.lonepheasantwarrior.talkify:c408d7b5: onCancelled at PHASE_CLIENT_ALREADY_HIDDEN
2026-09-06 22:37:28.708  9525-9525  WindowOnBackDispatcher  com...b.lonepheasantwarrior.talkify  D  setTopOnBackInvokedCallback (unwrapped): androidx.compose.ui.window.Api33Impl$$ExternalSyntheticLambda0@2c88c01
2026-09-06 22:37:31.540  9525-9525  WindowOnBackDispatcher  com...b.lonepheasantwarrior.talkify  D  setTopOnBackInvokedCallback (unwrapped): null
2026-09-06 22:37:31.543  9525-9546  HWUI                    com...b.lonepheasantwarrior.talkify  D  endAllActiveAnimators on 0xb400006f13e53de0 (UnprojectedRipple) with handle 0xb400006e83e2d9d0
2026-09-06 22:37:31.580  9525-9525  InsetsController        com...b.lonepheasantwarrior.talkify  D  hide(ime())
2026-09-06 22:37:31.580  9525-9525  ImeTracker              com...b.lonepheasantwarrior.talkify  I  com.github.lonepheasantwarrior.talkify:9332e4e3: onCancelled at PHASE_CLIENT_ALREADY_HIDDEN
2026-09-06 22:37:34.778  9525-9525  WindowOnBackDispatcher  com...b.lonepheasantwarrior.talkify  D  setTopOnBackInvokedCallback (unwrapped): android.app.Dialog$$ExternalSyntheticLambda2@8b07e35
2026-09-06 22:37:34.778  9525-9525  WindowOnBackDispatcher  com...b.lonepheasantwarrior.talkify  D  setTopOnBackInvokedCallback (unwrapped): androidx.navigationevent.OnBackInvokedInput$createOnBackAnimationCallback$1@b9812ca
2026-09-06 22:37:34.864  9525-9525  InsetsController        com...b.lonepheasantwarrior.talkify  D  hide(ime())
2026-09-06 22:37:34.864  9525-9525  ImeTracker              com...b.lonepheasantwarrior.talkify  I  com.github.lonepheasantwarrior.talkify:f3dc1f21: onCancelled at PHASE_CLIENT_ALREADY_HIDDEN
2026-09-06 22:37:36.055  9525-9525  WindowOnBackDispatcher  com...b.lonepheasantwarrior.talkify  D  setTopOnBackInvokedCallback (unwrapped): null
2026-09-06 22:37:36.063  9525-9546  HWUI                    com...b.lonepheasantwarrior.talkify  D  endAllActiveAnimators on 0xb400006f13e5ff00 (UnprojectedRipple) with handle 0xb400006e83e322f0
2026-09-06 22:37:36.068  9525-9525  WindowOnBackDispatcher  com...b.lonepheasantwarrior.talkify  D  setTopOnBackInvokedCallback (unwrapped): null
2026-09-06 22:37:36.123  9525-9562  LocalModelDownload      com...b.lonepheasantwarrior.talkify  I  Starting download: zipvoice_distill, 1 files, ~~200 MB
2026-09-06 22:37:36.124  9525-9525  InsetsController        com...b.lonepheasantwarrior.talkify  D  hide(ime())
2026-09-06 22:37:36.124  9525-9525  ImeTracker              com...b.lonepheasantwarrior.talkify  I  com.github.lonepheasantwarrior.talkify:ba57e3bd: onCancelled at PHASE_CLIENT_ALREADY_HIDDEN
2026-09-06 22:37:36.129  9525-9562  LocalModelDownload      com...b.lonepheasantwarrior.talkify  D  Downloading file 1/1: vocos_24khz.onnx
2026-09-06 22:37:40.448  9525-9562  NotificationManager     com...b.lonepheasantwarrior.talkify  W  Shedding notify (update) of NotificationKey[user=UserHandle{0}, pkg=com.github.lonepheasantwarrior.talkify, tag=null, id=2001], rate limit (5.0) exceeded: input 9.051146, output would be 6.3444157
2026-09-06 22:37:41.675  9525-9562  NotificationManager     com...b.lonepheasantwarrior.talkify  W  Shedding notify (update) of NotificationKey[user=UserHandle{0}, pkg=com.github.lonepheasantwarrior.talkify, tag=null, id=2001], rate limit (5.0) exceeded: input 15.556865, output would be 5.5168376
2026-09-06 22:37:42.750  9525-9562  NotificationManager     com...b.lonepheasantwarrior.talkify  W  Shedding notify (update) of NotificationKey[user=UserHandle{0}, pkg=com.github.lonepheasantwarrior.talkify, tag=null, id=2001], rate limit (5.0) exceeded: input 24.113483, output would be 6.6829567
2026-09-06 22:37:45.123  9525-9562  NotificationManager     com...b.lonepheasantwarrior.talkify  W  Shedding notify (update) of NotificationKey[user=UserHandle{0}, pkg=com.github.lonepheasantwarrior.talkify, tag=null, id=2001], rate limit (5.0) exceeded: input 10.081796, output would be 5.662548
2026-09-06 22:37:46.127  9525-9562  NotificationManager     com...b.lonepheasantwarrior.talkify  W  Shedding notify (update) of NotificationKey[user=UserHandle{0}, pkg=com.github.lonepheasantwarrior.talkify, tag=null, id=2001], rate limit (5.0) exceeded: input 22.170128, output would be 6.568607
2026-09-06 22:37:47.136  9525-9562  NotificationManager     com...b.lonepheasantwarrior.talkify  W  Shedding notify (update) of NotificationKey[user=UserHandle{0}, pkg=com.github.lonepheasantwarrior.talkify, tag=null, id=2001], rate limit (5.0) exceeded: input 42.066536, output would be 5.400389
2026-09-06 22:37:48.408  9525-9562  NotificationManager     com...b.lonepheasantwarrior.talkify  W  Shedding notify (update) of NotificationKey[user=UserHandle{0}, pkg=com.github.lonepheasantwarrior.talkify, tag=null, id=2001], rate limit (5.0) exceeded: input 10.826096, output would be 6.2190723
2026-09-06 22:37:48.542  1879-3895  NotificationService     system_server                        E  Package enqueue rate is 5.0014405. Shedding 0|com.github.lonepheasantwarrior.talkify|2001|null|10209. package=com.github.lonepheasantwarrior.talkify
2026-09-06 22:37:49.442  9525-9562  NotificationManager     com...b.lonepheasantwarrior.talkify  W  Shedding notify (update) of NotificationKey[user=UserHandle{0}, pkg=com.github.lonepheasantwarrior.talkify, tag=null, id=2001], rate limit (5.0) exceeded: input 35.634506, output would be 6.380641
2026-09-06 22:37:50.516  9525-9562  NotificationManager     com...b.lonepheasantwarrior.talkify  W  Shedding notify (update) of NotificationKey[user=UserHandle{0}, pkg=com.github.lonepheasantwarrior.talkify, tag=null, id=2001], rate limit (5.0) exceeded: input 22.533436, output would be 6.355832
2026-09-06 22:37:51.560  9525-9562  NotificationManager     com...b.lonepheasantwarrior.talkify  W  Shedding notify (update) of NotificationKey[user=UserHandle{0}, pkg=com.github.lonepheasantwarrior.talkify, tag=null, id=2001], rate limit (5.0) exceeded: input 38.072086, output would be 6.325732
2026-09-06 22:37:52.580  9525-9562  NotificationManager     com...b.lonepheasantwarrior.talkify  W  Shedding notify (update) of NotificationKey[user=UserHandle{0}, pkg=com.github.lonepheasantwarrior.talkify, tag=null, id=2001], rate limit (5.0) exceeded: input 25.597511, output would be 6.839174
2026-09-06 22:37:53.625  9525-9562  NotificationManager     com...b.lonepheasantwarrior.talkify  W  Shedding notify (update) of NotificationKey[user=UserHandle{0}, pkg=com.github.lonepheasantwarrior.talkify, tag=null, id=2001], rate limit (5.0) exceeded: input 19.27997, output would be 6.8799133
2026-09-06 22:37:55.840  9525-9562  NotificationManager     com...b.lonepheasantwarrior.talkify  W  Shedding notify (update) of NotificationKey[user=UserHandle{0}, pkg=com.github.lonepheasantwarrior.talkify, tag=null, id=2001], rate limit (5.0) exceeded: input 10.954172, output would be 6.4665704
2026-09-06 22:37:56.858  9525-9562  NotificationManager     com...b.lonepheasantwarrior.talkify  W  Shedding notify (update) of NotificationKey[user=UserHandle{0}, pkg=com.github.lonepheasantwarrior.talkify, tag=null, id=2001], rate limit (5.0) exceeded: input 33.85673, output would be 6.5787325
2026-09-06 22:37:57.916  9525-9562  NotificationManager     com...b.lonepheasantwarrior.talkify  W  Shedding notify (update) of NotificationKey[user=UserHandle{0}, pkg=com.github.lonepheasantwarrior.talkify, tag=null, id=2001], rate limit (5.0) exceeded: input 21.039654, output would be 5.8408055
2026-09-06 22:37:59.170  9525-9562  NotificationManager     com...b.lonepheasantwarrior.talkify  W  Shedding notify (update) of NotificationKey[user=UserHandle{0}, pkg=com.github.lonepheasantwarrior.talkify, tag=null, id=2001], rate limit (5.0) exceeded: input 9.86156, output would be 5.478129
2026-09-06 22:38:00.207  9525-9562  NotificationManager     com...b.lonepheasantwarrior.talkify  W  Shedding notify (update) of NotificationKey[user=UserHandle{0}, pkg=com.github.lonepheasantwarrior.talkify, tag=null, id=2001], rate limit (5.0) exceeded: input 21.929914, output would be 5.592629
2026-09-06 22:38:01.261  9525-9562  NotificationManager     com...b.lonepheasantwarrior.talkify  W  Shedding notify (update) of NotificationKey[user=UserHandle{0}, pkg=com.github.lonepheasantwarrior.talkify, tag=null, id=2001], rate limit (5.0) exceeded: input 32.070522, output would be 5.5831966
2026-09-06 22:38:02.280  9525-9562  NotificationManager     com...b.lonepheasantwarrior.talkify  W  Shedding notify (update) of NotificationKey[user=UserHandle{0}, pkg=com.github.lonepheasantwarrior.talkify, tag=null, id=2001], rate limit (5.0) exceeded: input 19.359432, output would be 6.510524
2026-09-06 22:38:03.301  9525-9562  NotificationManager     com...b.lonepheasantwarrior.talkify  W  Shedding notify (update) of NotificationKey[user=UserHandle{0}, pkg=com.github.lonepheasantwarrior.talkify, tag=null, id=2001], rate limit (5.0) exceeded: input 20.7549, output would be 5.173618
2026-09-06 22:38:04.322  9525-9562  NotificationManager     com...b.lonepheasantwarrior.talkify  W  Shedding notify (update) of NotificationKey[user=UserHandle{0}, pkg=com.github.lonepheasantwarrior.talkify, tag=null, id=2001], rate limit (5.0) exceeded: input 44.65732, output would be 5.5141683
2026-09-06 22:38:05.331  9525-9562  NotificationManager     com...b.lonepheasantwarrior.talkify  W  Shedding notify (update) of NotificationKey[user=UserHandle{0}, pkg=com.github.lonepheasantwarrior.talkify, tag=null, id=2001], rate limit (5.0) exceeded: input 51.148136, output would be 5.953607
2026-09-06 22:38:06.368  9525-9562  NotificationManager     com...b.lonepheasantwarrior.talkify  W  Shedding notify (update) of NotificationKey[user=UserHandle{0}, pkg=com.github.lonepheasantwarrior.talkify, tag=null, id=2001], rate limit (5.0) exceeded: input 47.148907, output would be 6.4826202
2026-09-06 22:38:07.388  9525-9562  NotificationManager     com...b.lonepheasantwarrior.talkify  W  Shedding notify (update) of NotificationKey[user=UserHandle{0}, pkg=com.github.lonepheasantwarrior.talkify, tag=null, id=2001], rate limit (5.0) exceeded: input 14.168894, output would be 5.8920264
2026-09-06 22:38:08.406  9525-9562  NotificationManager     com...b.lonepheasantwarrior.talkify  W  Shedding notify (update) of NotificationKey[user=UserHandle{0}, pkg=com.github.lonepheasantwarrior.talkify, tag=null, id=2001], rate limit (5.0) exceeded: input 38.054943, output would be 6.6102223
2026-09-06 22:38:09.735  9525-9562  NotificationManager     com...b.lonepheasantwarrior.talkify  W  Shedding notify (update) of NotificationKey[user=UserHandle{0}, pkg=com.github.lonepheasantwarrior.talkify, tag=null, id=2001], rate limit (5.0) exceeded: input 14.330873, output would be 5.7692647
2026-09-06 22:38:10.750  9525-9562  NotificationManager     com...b.lonepheasantwarrior.talkify  W  Shedding notify (update) of NotificationKey[user=UserHandle{0}, pkg=com.github.lonepheasantwarrior.talkify, tag=null, id=2001], rate limit (5.0) exceeded: input 29.192078, output would be 5.910545
2026-09-06 22:38:11.321  1879-4109  NotificationService     system_server                        E  Package enqueue rate is 5.0086436. Shedding 0|com.github.lonepheasantwarrior.talkify|2001|null|10209. package=com.github.lonepheasantwarrior.talkify
2026-09-06 22:38:12.072  9525-9562  NotificationManager     com...b.lonepheasantwarrior.talkify  W  Shedding notify (update) of NotificationKey[user=UserHandle{0}, pkg=com.github.lonepheasantwarrior.talkify, tag=null, id=2001], rate limit (5.0) exceeded: input 11.404494, output would be 5.419623
2026-09-06 22:38:13.123  9525-9562  NotificationManager     com...b.lonepheasantwarrior.talkify  W  Shedding notify (update) of NotificationKey[user=UserHandle{0}, pkg=com.github.lonepheasantwarrior.talkify, tag=null, id=2001], rate limit (5.0) exceeded: input 21.69917, output would be 6.0013027
2026-09-06 22:38:14.154  9525-9562  NotificationManager     com...b.lonepheasantwarrior.talkify  W  Shedding notify (update) of NotificationKey[user=UserHandle{0}, pkg=com.github.lonepheasantwarrior.talkify, tag=null, id=2001], rate limit (5.0) exceeded: input 32.66947, output would be 5.0064173
2026-09-06 22:38:15.308  9525-9562  NotificationManager     com...b.lonepheasantwarrior.talkify  W  Shedding notify (update) of NotificationKey[user=UserHandle{0}, pkg=com.github.lonepheasantwarrior.talkify, tag=null, id=2001], rate limit (5.0) exceeded: input 21.275246, output would be 6.151987
2026-09-06 22:38:17.726  9525-9562  NotificationManager     com...b.lonepheasantwarrior.talkify  W  Shedding notify (update) of NotificationKey[user=UserHandle{0}, pkg=com.github.lonepheasantwarrior.talkify, tag=null, id=2001], rate limit (5.0) exceeded: input 8.921224, output would be 5.6821613
2026-09-06 22:38:18.762  9525-9562  NotificationManager     com...b.lonepheasantwarrior.talkify  W  Shedding notify (update) of NotificationKey[user=UserHandle{0}, pkg=com.github.lonepheasantwarrior.talkify, tag=null, id=2001], rate limit (5.0) exceeded: input 32.072723, output would be 6.200641
2026-09-06 22:38:19.810  9525-9562  NotificationManager     com...b.lonepheasantwarrior.talkify  W  Shedding notify (update) of NotificationKey[user=UserHandle{0}, pkg=com.github.lonepheasantwarrior.talkify, tag=null, id=2001], rate limit (5.0) exceeded: input 26.375393, output would be 6.3964725
2026-09-06 22:38:20.962  9525-9562  NotificationManager     com...b.lonepheasantwarrior.talkify  W  Shedding notify (update) of NotificationKey[user=UserHandle{0}, pkg=com.github.lonepheasantwarrior.talkify, tag=null, id=2001], rate limit (5.0) exceeded: input 17.533293, output would be 5.20796
2026-09-06 22:38:22.139  9525-9562  NotificationManager     com...b.lonepheasantwarrior.talkify  W  Shedding notify (update) of NotificationKey[user=UserHandle{0}, pkg=com.github.lonepheasantwarrior.talkify, tag=null, id=2001], rate limit (5.0) exceeded: input 22.129679, output would be 6.8629475
2026-09-06 22:38:24.195  9525-9562  NotificationManager     com...b.lonepheasantwarrior.talkify  W  Shedding notify (update) of NotificationKey[user=UserHandle{0}, pkg=com.github.lonepheasantwarrior.talkify, tag=null, id=2001], rate limit (5.0) exceeded: input 10.251805, output would be 6.448234
2026-09-06 22:38:25.268  9525-9562  NotificationManager     com...b.lonepheasantwarrior.talkify  W  Shedding notify (update) of NotificationKey[user=UserHandle{0}, pkg=com.github.lonepheasantwarrior.talkify, tag=null, id=2001], rate limit (5.0) exceeded: input 22.101812, output would be 6.225199
2026-09-06 22:38:26.295  9525-9562  NotificationManager     com...b.lonepheasantwarrior.talkify  W  Shedding notify (update) of NotificationKey[user=UserHandle{0}, pkg=com.github.lonepheasantwarrior.talkify, tag=null, id=2001], rate limit (5.0) exceeded: input 32.41947, output would be 6.7576594
2026-09-06 22:38:27.565  9525-9562  NotificationManager     com...b.lonepheasantwarrior.talkify  W  Shedding notify (update) of NotificationKey[user=UserHandle{0}, pkg=com.github.lonepheasantwarrior.talkify, tag=null, id=2001], rate limit (5.0) exceeded: input 18.481184, output would be 5.1108994
2026-09-06 22:38:29.106  9525-9562  NotificationManager     com...b.lonepheasantwarrior.talkify  W  Shedding notify (update) of NotificationKey[user=UserHandle{0}, pkg=com.github.lonepheasantwarrior.talkify, tag=null, id=2001], rate limit (5.0) exceeded: input 11.13443, output would be 5.7494664
2026-09-06 22:38:30.131  9525-9562  NotificationManager     com...b.lonepheasantwarrior.talkify  W  Shedding notify (update) of NotificationKey[user=UserHandle{0}, pkg=com.github.lonepheasantwarrior.talkify, tag=null, id=2001], rate limit (5.0) exceeded: input 29.111464, output would be 6.025636
2026-09-06 22:38:31.136  9525-9562  NotificationManager     com...b.lonepheasantwarrior.talkify  W  Shedding notify (update) of NotificationKey[user=UserHandle{0}, pkg=com.github.lonepheasantwarrior.talkify, tag=null, id=2001], rate limit (5.0) exceeded: input 49.21878, output would be 5.481357
2026-09-06 22:38:32.143  9525-9562  NotificationManager     com...b.lonepheasantwarrior.talkify  W  Shedding notify (update) of NotificationKey[user=UserHandle{0}, pkg=com.github.lonepheasantwarrior.talkify, tag=null, id=2001], rate limit (5.0) exceeded: input 28.722141, output would be 6.1895666
2026-09-06 22:38:33.266  9525-9562  NotificationManager     com...b.lonepheasantwarrior.talkify  W  Shedding notify (update) of NotificationKey[user=UserHandle{0}, pkg=com.github.lonepheasantwarrior.talkify, tag=null, id=2001], rate limit (5.0) exceeded: input 33.144253, output would be 6.801687
2026-09-06 22:38:34.273  9525-9562  NotificationManager     com...b.lonepheasantwarrior.talkify  W  Shedding notify (update) of NotificationKey[user=UserHandle{0}, pkg=com.github.lonepheasantwarrior.talkify, tag=null, id=2001], rate limit (5.0) exceeded: input 37.890015, output would be 5.0571814
2026-09-06 22:38:35.921  9525-9562  NotificationManager     com...b.lonepheasantwarrior.talkify  W  Shedding notify (update) of NotificationKey[user=UserHandle{0}, pkg=com.github.lonepheasantwarrior.talkify, tag=null, id=2001], rate limit (5.0) exceeded: input 12.784247, output would be 6.0952783
2026-09-06 22:38:36.944  9525-9562  NotificationManager     com...b.lonepheasantwarrior.talkify  W  Shedding notify (update) of NotificationKey[user=UserHandle{0}, pkg=com.github.lonepheasantwarrior.talkify, tag=null, id=2001], rate limit (5.0) exceeded: input 27.226229, output would be 6.2490644
2026-09-06 22:38:38.220  9525-9562  NotificationManager     com...b.lonepheasantwarrior.talkify  W  Shedding notify (update) of NotificationKey[user=UserHandle{0}, pkg=com.github.lonepheasantwarrior.talkify, tag=null, id=2001], rate limit (5.0) exceeded: input 16.17022, output would be 5.6481633
2026-09-06 22:38:39.308  9525-9562  NotificationManager     com...b.lonepheasantwarrior.talkify  W  Shedding notify (update) of NotificationKey[user=UserHandle{0}, pkg=com.github.lonepheasantwarrior.talkify, tag=null, id=2001], rate limit (5.0) exceeded: input 23.564198, output would be 5.7262435
2026-09-06 22:38:43.012  9525-9562  NotificationManager     com...b.lonepheasantwarrior.talkify  W  Shedding notify (update) of NotificationKey[user=UserHandle{0}, pkg=com.github.lonepheasantwarrior.talkify, tag=null, id=2001], rate limit (5.0) exceeded: input 9.172134, output would be 6.203645
2026-09-06 22:38:46.957  9525-9562  NotificationManager     com...b.lonepheasantwarrior.talkify  W  Shedding notify (update) of NotificationKey[user=UserHandle{0}, pkg=com.github.lonepheasantwarrior.talkify, tag=null, id=2001], rate limit (5.0) exceeded: input 8.806805, output would be 6.0935025
2026-09-06 22:38:48.442  9525-9562  NotificationManager     com...b.lonepheasantwarrior.talkify  W  Shedding notify (update) of NotificationKey[user=UserHandle{0}, pkg=com.github.lonepheasantwarrior.talkify, tag=null, id=2001], rate limit (5.0) exceeded: input 13.782635, output would be 6.761232
2026-09-06 22:38:51.855  9525-9562  NotificationManager     com...b.lonepheasantwarrior.talkify  W  Shedding notify (update) of NotificationKey[user=UserHandle{0}, pkg=com.github.lonepheasantwarrior.talkify, tag=null, id=2001], rate limit (5.0) exceeded: input 9.59377, output would be 6.0677533
2026-09-06 22:38:52.902  9525-9562  NotificationManager     com...b.lonepheasantwarrior.talkify  W  Shedding notify (update) of NotificationKey[user=UserHandle{0}, pkg=com.github.lonepheasantwarrior.talkify, tag=null, id=2001], rate limit (5.0) exceeded: input 11.421895, output would be 5.4550657
2026-09-06 22:38:53.966  9525-9562  NotificationManager     com...b.lonepheasantwarrior.talkify  W  Shedding notify (update) of NotificationKey[user=UserHandle{0}, pkg=com.github.lonepheasantwarrior.talkify, tag=null, id=2001], rate limit (5.0) exceeded: input 13.721036, output would be 6.2811522
2026-09-06 22:38:55.970  9525-9562  NotificationManager     com...b.lonepheasantwarrior.talkify  W  Shedding notify (update) of NotificationKey[user=UserHandle{0}, pkg=com.github.lonepheasantwarrior.talkify, tag=null, id=2001], rate limit (5.0) exceeded: input 10.536518, output would be 6.209793
2026-09-06 22:38:57.245  9525-9562  NotificationManager     com...b.lonepheasantwarrior.talkify  W  Shedding notify (update) of NotificationKey[user=UserHandle{0}, pkg=com.github.lonepheasantwarrior.talkify, tag=null, id=2001], rate limit (5.0) exceeded: input 11.905772, output would be 5.3795776
2026-09-06 22:38:58.374  9525-9562  NotificationManager     com...b.lonepheasantwarrior.talkify  W  Shedding notify (update) of NotificationKey[user=UserHandle{0}, pkg=com.github.lonepheasantwarrior.talkify, tag=null, id=2001], rate limit (5.0) exceeded: input 20.121666, output would be 5.232725
2026-09-06 22:38:59.378  9525-9562  NotificationManager     com...b.lonepheasantwarrior.talkify  W  Shedding notify (update) of NotificationKey[user=UserHandle{0}, pkg=com.github.lonepheasantwarrior.talkify, tag=null, id=2001], rate limit (5.0) exceeded: input 15.356075, output would be 6.6139584
2026-09-06 22:39:00.816  9525-9562  NotificationManager     com...b.lonepheasantwarrior.talkify  W  Shedding notify (update) of NotificationKey[user=UserHandle{0}, pkg=com.github.lonepheasantwarrior.talkify, tag=null, id=2001], rate limit (5.0) exceeded: input 13.904433, output would be 6.571233
2026-09-06 22:39:02.117  9525-9562  NotificationManager     com...b.lonepheasantwarrior.talkify  W  Shedding notify (update) of NotificationKey[user=UserHandle{0}, pkg=com.github.lonepheasantwarrior.talkify, tag=null, id=2001], rate limit (5.0) exceeded: input 21.24757, output would be 6.686038
2026-09-06 22:39:03.132  9525-9562  NotificationManager     com...b.lonepheasantwarrior.talkify  W  Shedding notify (update) of NotificationKey[user=UserHandle{0}, pkg=com.github.lonepheasantwarrior.talkify, tag=null, id=2001], rate limit (5.0) exceeded: input 35.617012, output would be 5.0429277
2026-09-06 22:39:03.608  9525-9531  warrior.talkify         com...b.lonepheasantwarrior.talkify  W  Cleared Reference was only reachable from finalizer (only reported once)
2026-09-06 22:39:03.627  9525-9531  warrior.talkify         com...b.lonepheasantwarrior.talkify  W  Reducing the number of considered missed Gc histogram windows from 525 to 100
2026-09-06 22:39:04.151  9525-9562  NotificationManager     com...b.lonepheasantwarrior.talkify  W  Shedding notify (update) of NotificationKey[user=UserHandle{0}, pkg=com.github.lonepheasantwarrior.talkify, tag=null, id=2001], rate limit (5.0) exceeded: input 27.477676, output would be 5.735121
2026-09-06 22:39:05.339  9525-9562  NotificationManager     com...b.lonepheasantwarrior.talkify  W  Shedding notify (update) of NotificationKey[user=UserHandle{0}, pkg=com.github.lonepheasantwarrior.talkify, tag=null, id=2001], rate limit (5.0) exceeded: input 15.616738, output would be 6.2159467
2026-09-06 22:39:06.399  9525-9562  NotificationManager     com...b.lonepheasantwarrior.talkify  W  Shedding notify (update) of NotificationKey[user=UserHandle{0}, pkg=com.github.lonepheasantwarrior.talkify, tag=null, id=2001], rate limit (5.0) exceeded: input 28.258766, output would be 6.563383
2026-09-06 22:39:07.406  9525-9562  NotificationManager     com...b.lonepheasantwarrior.talkify  W  Shedding notify (update) of NotificationKey[user=UserHandle{0}, pkg=com.github.lonepheasantwarrior.talkify, tag=null, id=2001], rate limit (5.0) exceeded: input 28.032118, output would be 5.0385327
2026-09-06 22:39:09.532  9525-9562  NotificationManager     com...b.lonepheasantwarrior.talkify  W  Shedding notify (update) of NotificationKey[user=UserHandle{0}, pkg=com.github.lonepheasantwarrior.talkify, tag=null, id=2001], rate limit (5.0) exceeded: input 9.594499, output would be 5.6510296
2026-09-06 22:39:10.560  9525-9562  NotificationManager     com...b.lonepheasantwarrior.talkify  W  Shedding notify (update) of NotificationKey[user=UserHandle{0}, pkg=com.github.lonepheasantwarrior.talkify, tag=null, id=2001], rate limit (5.0) exceeded: input 28.057478, output would be 6.51964
2026-09-06 22:39:11.565  9525-9562  NotificationManager     com...b.lonepheasantwarrior.talkify  W  Shedding notify (update) of NotificationKey[user=UserHandle{0}, pkg=com.github.lonepheasantwarrior.talkify, tag=null, id=2001], rate limit (5.0) exceeded: input 17.009653, output would be 6.746658
2026-09-06 22:39:13.728  9525-9562  NotificationManager     com...b.lonepheasantwarrior.talkify  W  Shedding notify (update) of NotificationKey[user=UserHandle{0}, pkg=com.github.lonepheasantwarrior.talkify, tag=null, id=2001], rate limit (5.0) exceeded: input 8.813827, output would be 5.639226
2026-09-06 22:39:15.794  9525-9562  NotificationManager     com...b.lonepheasantwarrior.talkify  W  Shedding notify (update) of NotificationKey[user=UserHandle{0}, pkg=com.github.lonepheasantwarrior.talkify, tag=null, id=2001], rate limit (5.0) exceeded: input 9.848616, output would be 6.320811
2026-09-06 22:39:16.777  1879-6105  NotificationService     system_server                        E  Package enqueue rate is 5.00107. Shedding 0|com.github.lonepheasantwarrior.talkify|2001|null|10209. package=com.github.lonepheasantwarrior.talkify
2026-09-06 22:39:17.005  9525-9562  NotificationManager     com...b.lonepheasantwarrior.talkify  W  Shedding notify (update) of NotificationKey[user=UserHandle{0}, pkg=com.github.lonepheasantwarrior.talkify, tag=null, id=2001], rate limit (5.0) exceeded: input 21.528963, output would be 6.80366
2026-09-06 22:39:18.031  9525-9562  NotificationManager     com...b.lonepheasantwarrior.talkify  W  Shedding notify (update) of NotificationKey[user=UserHandle{0}, pkg=com.github.lonepheasantwarrior.talkify, tag=null, id=2001], rate limit (5.0) exceeded: input 37.760708, output would be 5.5060554
2026-09-06 22:39:19.074  9525-9562  NotificationManager     com...b.lonepheasantwarrior.talkify  W  Shedding notify (update) of NotificationKey[user=UserHandle{0}, pkg=com.github.lonepheasantwarrior.talkify, tag=null, id=2001], rate limit (5.0) exceeded: input 44.54097, output would be 5.589587
2026-09-06 22:39:20.086  9525-9562  NotificationManager     com...b.lonepheasantwarrior.talkify  W  Shedding notify (update) of NotificationKey[user=UserHandle{0}, pkg=com.github.lonepheasantwarrior.talkify, tag=null, id=2001], rate limit (5.0) exceeded: input 65.75232, output would be 5.825986
2026-09-06 22:39:21.120  9525-9562  NotificationManager     com...b.lonepheasantwarrior.talkify  W  Shedding notify (update) of NotificationKey[user=UserHandle{0}, pkg=com.github.lonepheasantwarrior.talkify, tag=null, id=2001], rate limit (5.0) exceeded: input 23.212439, output would be 5.902522
2026-09-06 22:39:22.179  9525-9562  NotificationManager     com...b.lonepheasantwarrior.talkify  W  Shedding notify (update) of NotificationKey[user=UserHandle{0}, pkg=com.github.lonepheasantwarrior.talkify, tag=null, id=2001], rate limit (5.0) exceeded: input 33.60079, output would be 5.733511
2026-09-06 22:39:23.350  9525-9562  NotificationManager     com...b.lonepheasantwarrior.talkify  W  Shedding notify (update) of NotificationKey[user=UserHandle{0}, pkg=com.github.lonepheasantwarrior.talkify, tag=null, id=2001], rate limit (5.0) exceeded: input 17.305965, output would be 5.335452
2026-09-06 22:39:24.461  9525-9562  NotificationManager     com...b.lonepheasantwarrior.talkify  W  Shedding notify (update) of NotificationKey[user=UserHandle{0}, pkg=com.github.lonepheasantwarrior.talkify, tag=null, id=2001], rate limit (5.0) exceeded: input 20.337727, output would be 5.7103386
2026-09-06 22:39:25.540  9525-9562  NotificationManager     com...b.lonepheasantwarrior.talkify  W  Shedding notify (update) of NotificationKey[user=UserHandle{0}, pkg=com.github.lonepheasantwarrior.talkify, tag=null, id=2001], rate limit (5.0) exceeded: input 19.895004, output would be 5.7679305
2026-09-06 22:39:27.865  9525-9562  NotificationManager     com...b.lonepheasantwarrior.talkify  W  Shedding notify (update) of NotificationKey[user=UserHandle{0}, pkg=com.github.lonepheasantwarrior.talkify, tag=null, id=2001], rate limit (5.0) exceeded: input 8.267655, output would be 5.164911
2026-09-06 22:39:28.918  9525-9562  NotificationManager     com...b.lonepheasantwarrior.talkify  W  Shedding notify (update) of NotificationKey[user=UserHandle{0}, pkg=com.github.lonepheasantwarrior.talkify, tag=null, id=2001], rate limit (5.0) exceeded: input 12.98421, output would be 5.4590864
2026-09-06 22:39:29.947  9525-9562  NotificationManager     com...b.lonepheasantwarrior.talkify  W  Shedding notify (update) of NotificationKey[user=UserHandle{0}, pkg=com.github.lonepheasantwarrior.talkify, tag=null, id=2001], rate limit (5.0) exceeded: input 30.53238, output would be 5.861038
2026-09-06 22:39:30.967  9525-9562  NotificationManager     com...b.lonepheasantwarrior.talkify  W  Shedding notify (update) of NotificationKey[user=UserHandle{0}, pkg=com.github.lonepheasantwarrior.talkify, tag=null, id=2001], rate limit (5.0) exceeded: input 37.199356, output would be 6.418616
2026-09-06 22:39:31.968  9525-9562  NotificationManager     com...b.lonepheasantwarrior.talkify  W  Shedding notify (update) of NotificationKey[user=UserHandle{0}, pkg=com.github.lonepheasantwarrior.talkify, tag=null, id=2001], rate limit (5.0) exceeded: input 20.039356, output would be 6.187194
2026-09-06 22:39:33.001  9525-9562  NotificationManager     com...b.lonepheasantwarrior.talkify  W  Shedding notify (update) of NotificationKey[user=UserHandle{0}, pkg=com.github.lonepheasantwarrior.talkify, tag=null, id=2001], rate limit (5.0) exceeded: input 36.9362, output would be 5.2219768
2026-09-06 22:39:35.156  9525-9562  NotificationManager     com...b.lonepheasantwarrior.talkify  W  Shedding notify (update) of NotificationKey[user=UserHandle{0}, pkg=com.github.lonepheasantwarrior.talkify, tag=null, id=2001], rate limit (5.0) exceeded: input 10.914526, output would be 6.030748
2026-09-06 22:39:36.278  9525-9562  NotificationManager     com...b.lonepheasantwarrior.talkify  W  Shedding notify (update) of NotificationKey[user=UserHandle{0}, pkg=com.github.lonepheasantwarrior.talkify, tag=null, id=2001], rate limit (5.0) exceeded: input 32.0761, output would be 6.177764
2026-09-06 22:39:36.819  1879-3933  NotificationService     system_server                        E  Package enqueue rate is 5.0030127. Shedding 0|com.github.lonepheasantwarrior.talkify|2001|null|10209. package=com.github.lonepheasantwarrior.talkify
2026-09-06 22:39:37.394  9525-9562  NotificationManager     com...b.lonepheasantwarrior.talkify  W  Shedding notify (update) of NotificationKey[user=UserHandle{0}, pkg=com.github.lonepheasantwarrior.talkify, tag=null, id=2001], rate limit (5.0) exceeded: input 23.021675, output would be 5.863023
2026-09-06 22:39:38.960  9525-9562  NotificationManager     com...b.lonepheasantwarrior.talkify  W  Shedding notify (update) of NotificationKey[user=UserHandle{0}, pkg=com.github.lonepheasantwarrior.talkify, tag=null, id=2001], rate limit (5.0) exceeded: input 10.380608, output would be 5.8385396
2026-09-06 22:39:41.658  9525-9562  NotificationManager     com...b.lonepheasantwarrior.talkify  W  Shedding notify (update) of NotificationKey[user=UserHandle{0}, pkg=com.github.lonepheasantwarrior.talkify, tag=null, id=2001], rate limit (5.0) exceeded: input 10.465035, output would be 6.391644
2026-09-06 22:39:42.690  9525-9562  NotificationManager     com...b.lonepheasantwarrior.talkify  W  Shedding notify (update) of NotificationKey[user=UserHandle{0}, pkg=com.github.lonepheasantwarrior.talkify, tag=null, id=2001], rate limit (5.0) exceeded: input 15.542942, output would be 6.2015414
2026-09-06 22:39:43.027  1879-6105  NotificationService     system_server                        E  Package enqueue rate is 5.0021915. Shedding 0|com.github.lonepheasantwarrior.talkify|2001|null|10209. package=com.github.lonepheasantwarrior.talkify
2026-09-06 22:39:43.710  9525-9562  NotificationManager     com...b.lonepheasantwarrior.talkify  W  Shedding notify (update) of NotificationKey[user=UserHandle{0}, pkg=com.github.lonepheasantwarrior.talkify, tag=null, id=2001], rate limit (5.0) exceeded: input 37.324688, output would be 6.257292
2026-09-06 22:39:44.891  9525-9562  NotificationManager     com...b.lonepheasantwarrior.talkify  W  Shedding notify (update) of NotificationKey[user=UserHandle{0}, pkg=com.github.lonepheasantwarrior.talkify, tag=null, id=2001], rate limit (5.0) exceeded: input 18.41255, output would be 5.5387826
2026-09-06 22:39:46.070  9525-9562  NotificationManager     com...b.lonepheasantwarrior.talkify  W  Shedding notify (update) of NotificationKey[user=UserHandle{0}, pkg=com.github.lonepheasantwarrior.talkify, tag=null, id=2001], rate limit (5.0) exceeded: input 13.866718, output would be 6.3510666
2026-09-06 22:39:47.155  9525-9562  NotificationManager     com...b.lonepheasantwarrior.talkify  W  Shedding notify (update) of NotificationKey[user=UserHandle{0}, pkg=com.github.lonepheasantwarrior.talkify, tag=null, id=2001], rate limit (5.0) exceeded: input 21.244125, output would be 6.0562344
2026-09-06 22:39:48.534  9525-9562  NotificationManager     com...b.lonepheasantwarrior.talkify  W  Shedding notify (update) of NotificationKey[user=UserHandle{0}, pkg=com.github.lonepheasantwarrior.talkify, tag=null, id=2001], rate limit (5.0) exceeded: input 15.170952, output would be 5.9630275
2026-09-06 22:39:52.481  9525-9562  NotificationManager     com...b.lonepheasantwarrior.talkify  W  Shedding notify (update) of NotificationKey[user=UserHandle{0}, pkg=com.github.lonepheasantwarrior.talkify, tag=null, id=2001], rate limit (5.0) exceeded: input 7.6047955, output would be 5.036792
2026-09-06 22:39:54.211  9525-9562  NotificationManager     com...b.lonepheasantwarrior.talkify  W  Shedding notify (update) of NotificationKey[user=UserHandle{0}, pkg=com.github.lonepheasantwarrior.talkify, tag=null, id=2001], rate limit (5.0) exceeded: input 9.660116, output would be 5.0628242
2026-09-06 22:39:55.228  9525-9562  NotificationManager     com...b.lonepheasantwarrior.talkify  W  Shedding notify (update) of NotificationKey[user=UserHandle{0}, pkg=com.github.lonepheasantwarrior.talkify, tag=null, id=2001], rate limit (5.0) exceeded: input 15.551917, output would be 5.9672947
2026-09-06 22:40:00.233  9525-9562  NotificationManager     com...b.lonepheasantwarrior.talkify  W  Shedding notify (update) of NotificationKey[user=UserHandle{0}, pkg=com.github.lonepheasantwarrior.talkify, tag=null, id=2001], rate limit (5.0) exceeded: input 8.231145, output would be 5.5479717
2026-09-06 22:40:01.410  9525-9562  NotificationManager     com...b.lonepheasantwarrior.talkify  W  Shedding notify (update) of NotificationKey[user=UserHandle{0}, pkg=com.github.lonepheasantwarrior.talkify, tag=null, id=2001], rate limit (5.0) exceeded: input 18.321327, output would be 6.7694154
2026-09-06 22:40:02.449  9525-9562  NotificationManager     com...b.lonepheasantwarrior.talkify  W  Shedding notify (update) of NotificationKey[user=UserHandle{0}, pkg=com.github.lonepheasantwarrior.talkify, tag=null, id=2001], rate limit (5.0) exceeded: input 41.63508, output would be 6.9347005
2026-09-06 22:40:03.457  9525-9562  NotificationManager     com...b.lonepheasantwarrior.talkify  W  Shedding notify (update) of NotificationKey[user=UserHandle{0}, pkg=com.github.lonepheasantwarrior.talkify, tag=null, id=2001], rate limit (5.0) exceeded: input 24.653465, output would be 6.370605
2026-09-06 22:40:04.543  9525-9562  NotificationManager     com...b.lonepheasantwarrior.talkify  W  Shedding notify (update) of NotificationKey[user=UserHandle{0}, pkg=com.github.lonepheasantwarrior.talkify, tag=null, id=2001], rate limit (5.0) exceeded: input 22.070066, output would be 6.28165
2026-09-06 22:40:04.893  1879-5690  NotificationService     system_server                        E  Package enqueue rate is 5.000964. Shedding 0|com.github.lonepheasantwarrior.talkify|2001|null|10209. package=com.github.lonepheasantwarrior.talkify
2026-09-06 22:40:05.741  9525-9562  NotificationManager     com...b.lonepheasantwarrior.talkify  W  Shedding notify (update) of NotificationKey[user=UserHandle{0}, pkg=com.github.lonepheasantwarrior.talkify, tag=null, id=2001], rate limit (5.0) exceeded: input 12.084282, output would be 6.089534
2026-09-06 22:40:09.197  9525-9562  NotificationManager     com...b.lonepheasantwarrior.talkify  W  Shedding notify (update) of NotificationKey[user=UserHandle{0}, pkg=com.github.lonepheasantwarrior.talkify, tag=null, id=2001], rate limit (5.0) exceeded: input 8.609355, output would be 5.8490953
2026-09-06 22:40:10.434  9525-9562  NotificationManager     com...b.lonepheasantwarrior.talkify  W  Shedding notify (update) of NotificationKey[user=UserHandle{0}, pkg=com.github.lonepheasantwarrior.talkify, tag=null, id=2001], rate limit (5.0) exceeded: input 8.055343, output would be 5.254112
2026-09-06 22:40:18.951  9525-9562  NotificationManager     com...b.lonepheasantwarrior.talkify  W  Shedding notify (update) of NotificationKey[user=UserHandle{0}, pkg=com.github.lonepheasantwarrior.talkify, tag=null, id=2001], rate limit (5.0) exceeded: input 7.8074074, output would be 5.437735
2026-09-06 22:40:20.340  9525-9562  NotificationManager     com...b.lonepheasantwarrior.talkify  W  Shedding notify (update) of NotificationKey[user=UserHandle{0}, pkg=com.github.lonepheasantwarrior.talkify, tag=null, id=2001], rate limit (5.0) exceeded: input 9.796342, output would be 6.0772223
2026-09-06 22:40:21.574  9525-9562  NotificationManager     com...b.lonepheasantwarrior.talkify  W  Shedding notify (update) of NotificationKey[user=UserHandle{0}, pkg=com.github.lonepheasantwarrior.talkify, tag=null, id=2001], rate limit (5.0) exceeded: input 9.4717455, output would be 6.0369964
2026-09-06 22:40:22.845  9525-9562  NotificationManager     com...b.lonepheasantwarrior.talkify  W  Shedding notify (update) of NotificationKey[user=UserHandle{0}, pkg=com.github.lonepheasantwarrior.talkify, tag=null, id=2001], rate limit (5.0) exceeded: input 9.801175, output would be 5.351399
2026-09-06 22:40:25.370  9525-9562  NotificationManager     com...b.lonepheasantwarrior.talkify  W  Shedding notify (update) of NotificationKey[user=UserHandle{0}, pkg=com.github.lonepheasantwarrior.talkify, tag=null, id=2001], rate limit (5.0) exceeded: input 8.419727, output would be 5.4810367
2026-09-06 22:40:31.100  9525-9562  NotificationManager     com...b.lonepheasantwarrior.talkify  W  Shedding notify (update) of NotificationKey[user=UserHandle{0}, pkg=com.github.lonepheasantwarrior.talkify, tag=null, id=2001], rate limit (5.0) exceeded: input 7.855008, output would be 5.4555264
2026-09-06 22:40:32.871  9525-9562  NotificationManager     com...b.lonepheasantwarrior.talkify  W  Shedding notify (update) of NotificationKey[user=UserHandle{0}, pkg=com.github.lonepheasantwarrior.talkify, tag=null, id=2001], rate limit (5.0) exceeded: input 8.399984, output would be 5.5122814
2026-09-06 22:40:34.086  9525-9562  NotificationManager     com...b.lonepheasantwarrior.talkify  W  Shedding notify (update) of NotificationKey[user=UserHandle{0}, pkg=com.github.lonepheasantwarrior.talkify, tag=null, id=2001], rate limit (5.0) exceeded: input 8.332462, output would be 5.3693547
2026-09-06 22:40:35.968  9525-9562  NotificationManager     com...b.lonepheasantwarrior.talkify  W  Shedding notify (update) of NotificationKey[user=UserHandle{0}, pkg=com.github.lonepheasantwarrior.talkify, tag=null, id=2001], rate limit (5.0) exceeded: input 8.049391, output would be 5.1316304
2026-09-06 22:40:38.032  9525-9562  NotificationManager     com...b.lonepheasantwarrior.talkify  W  Shedding notify (update) of NotificationKey[user=UserHandle{0}, pkg=com.github.lonepheasantwarrior.talkify, tag=null, id=2001], rate limit (5.0) exceeded: input 7.9846473, output would be 5.41917
2026-09-06 22:40:42.662  9525-9562  NotificationManager     com...b.lonepheasantwarrior.talkify  W  Shedding notify (update) of NotificationKey[user=UserHandle{0}, pkg=com.github.lonepheasantwarrior.talkify, tag=null, id=2001], rate limit (5.0) exceeded: input 9.535892, output would be 6.6104913
2026-09-06 22:40:45.924  9525-9562  NotificationManager     com...b.lonepheasantwarrior.talkify  W  Shedding notify (update) of NotificationKey[user=UserHandle{0}, pkg=com.github.lonepheasantwarrior.talkify, tag=null, id=2001], rate limit (5.0) exceeded: input 9.032284, output would be 6.0032296
2026-09-06 22:40:52.057  9525-9562  NotificationManager     com...b.lonepheasantwarrior.talkify  W  Shedding notify (update) of NotificationKey[user=UserHandle{0}, pkg=com.github.lonepheasantwarrior.talkify, tag=null, id=2001], rate limit (5.0) exceeded: input 8.268941, output would be 5.7772765
2026-09-06 22:40:53.078  9525-9562  NotificationManager     com...b.lonepheasantwarrior.talkify  W  Shedding notify (update) of NotificationKey[user=UserHandle{0}, pkg=com.github.lonepheasantwarrior.talkify, tag=null, id=2001], rate limit (5.0) exceeded: input 28.002413, output would be 6.5392394
2026-09-06 22:40:54.197  9525-9562  NotificationManager     com...b.lonepheasantwarrior.talkify  W  Shedding notify (update) of NotificationKey[user=UserHandle{0}, pkg=com.github.lonepheasantwarrior.talkify, tag=null, id=2001], rate limit (5.0) exceeded: input 9.510673, output would be 5.13483
2026-09-06 22:40:55.896  9525-9562  NotificationManager     com...b.lonepheasantwarrior.talkify  W  Shedding notify (update) of NotificationKey[user=UserHandle{0}, pkg=com.github.lonepheasantwarrior.talkify, tag=null, id=2001], rate limit (5.0) exceeded: input 8.430394, output would be 5.181837
2026-09-06 22:41:01.387  9525-9562  NotificationManager     com...b.lonepheasantwarrior.talkify  W  Shedding notify (update) of NotificationKey[user=UserHandle{0}, pkg=com.github.lonepheasantwarrior.talkify, tag=null, id=2001], rate limit (5.0) exceeded: input 9.206303, output would be 6.4430275
2026-09-06 22:41:02.679  9525-9562  NotificationManager     com...b.lonepheasantwarrior.talkify  W  Shedding notify (update) of NotificationKey[user=UserHandle{0}, pkg=com.github.lonepheasantwarrior.talkify, tag=null, id=2001], rate limit (5.0) exceeded: input 14.526196, output would be 5.6515603
2026-09-06 22:41:04.932  9525-9562  NotificationManager     com...b.lonepheasantwarrior.talkify  W  Shedding notify (update) of NotificationKey[user=UserHandle{0}, pkg=com.github.lonepheasantwarrior.talkify, tag=null, id=2001], rate limit (5.0) exceeded: input 8.144162, output would be 5.1003437
2026-09-06 22:41:24.317  9525-9562  NotificationManager     com...b.lonepheasantwarrior.talkify  W  Shedding notify (update) of NotificationKey[user=UserHandle{0}, pkg=com.github.lonepheasantwarrior.talkify, tag=null, id=2001], rate limit (5.0) exceeded: input 7.380936, output would be 5.171591
2026-09-06 22:41:25.454  9525-9562  NotificationManager     com...b.lonepheasantwarrior.talkify  W  Shedding notify (update) of NotificationKey[user=UserHandle{0}, pkg=com.github.lonepheasantwarrior.talkify, tag=null, id=2001], rate limit (5.0) exceeded: input 11.970912, output would be 5.693503
2026-09-06 22:41:27.124  9525-9562  NotificationManager     com...b.lonepheasantwarrior.talkify  W  Shedding notify (update) of NotificationKey[user=UserHandle{0}, pkg=com.github.lonepheasantwarrior.talkify, tag=null, id=2001], rate limit (5.0) exceeded: input 10.368052, output would be 5.953254
2026-09-06 22:41:28.142  9525-9562  NotificationManager     com...b.lonepheasantwarrior.talkify  W  Shedding notify (update) of NotificationKey[user=UserHandle{0}, pkg=com.github.lonepheasantwarrior.talkify, tag=null, id=2001], rate limit (5.0) exceeded: input 11.9576235, output would be 5.266019
2026-09-06 22:41:29.204  9525-9562  NotificationManager     com...b.lonepheasantwarrior.talkify  W  Shedding notify (update) of NotificationKey[user=UserHandle{0}, pkg=com.github.lonepheasantwarrior.talkify, tag=null, id=2001], rate limit (5.0) exceeded: input 17.103003, output would be 5.934433
2026-09-06 22:41:31.076  9525-9562  NotificationManager     com...b.lonepheasantwarrior.talkify  W  Shedding notify (update) of NotificationKey[user=UserHandle{0}, pkg=com.github.lonepheasantwarrior.talkify, tag=null, id=2001], rate limit (5.0) exceeded: input 9.301273, output would be 5.371583
2026-09-06 22:41:32.364  9525-9562  NotificationManager     com...b.lonepheasantwarrior.talkify  W  Shedding notify (update) of NotificationKey[user=UserHandle{0}, pkg=com.github.lonepheasantwarrior.talkify, tag=null, id=2001], rate limit (5.0) exceeded: input 13.783828, output would be 6.6053214
2026-09-06 22:41:33.375  9525-9562  NotificationManager     com...b.lonepheasantwarrior.talkify  W  Shedding notify (update) of NotificationKey[user=UserHandle{0}, pkg=com.github.lonepheasantwarrior.talkify, tag=null, id=2001], rate limit (5.0) exceeded: input 16.86015, output would be 5.173122
2026-09-06 22:41:34.386  9525-9562  NotificationManager     com...b.lonepheasantwarrior.talkify  W  Shedding notify (update) of NotificationKey[user=UserHandle{0}, pkg=com.github.lonepheasantwarrior.talkify, tag=null, id=2001], rate limit (5.0) exceeded: input 13.83446, output would be 6.0321307
2026-09-06 22:41:35.420  9525-9562  NotificationManager     com...b.lonepheasantwarrior.talkify  W  Shedding notify (update) of NotificationKey[user=UserHandle{0}, pkg=com.github.lonepheasantwarrior.talkify, tag=null, id=2001], rate limit (5.0) exceeded: input 10.132262, output would be 5.1783543
2026-09-06 22:41:37.156  9525-9562  NotificationManager     com...b.lonepheasantwarrior.talkify  W  Shedding notify (update) of NotificationKey[user=UserHandle{0}, pkg=com.github.lonepheasantwarrior.talkify, tag=null, id=2001], rate limit (5.0) exceeded: input 9.149577, output would be 5.7880588
2026-09-06 22:41:38.240  9525-9562  NotificationManager     com...b.lonepheasantwarrior.talkify  W  Shedding notify (update) of NotificationKey[user=UserHandle{0}, pkg=com.github.lonepheasantwarrior.talkify, tag=null, id=2001], rate limit (5.0) exceeded: input 24.08252, output would be 6.083673
2026-09-06 22:41:39.610  9525-9562  NotificationManager     com...b.lonepheasantwarrior.talkify  W  Shedding notify (update) of NotificationKey[user=UserHandle{0}, pkg=com.github.lonepheasantwarrior.talkify, tag=null, id=2001], rate limit (5.0) exceeded: input 9.440471, output would be 5.4058776
2026-09-06 22:41:45.779  9525-9562  NotificationManager     com...b.lonepheasantwarrior.talkify  W  Shedding notify (update) of NotificationKey[user=UserHandle{0}, pkg=com.github.lonepheasantwarrior.talkify, tag=null, id=2001], rate limit (5.0) exceeded: input 8.192626, output would be 5.6690645
2026-09-06 22:41:48.752  9525-9562  NotificationManager     com...b.lonepheasantwarrior.talkify  W  Shedding notify (update) of NotificationKey[user=UserHandle{0}, pkg=com.github.lonepheasantwarrior.talkify, tag=null, id=2001], rate limit (5.0) exceeded: input 7.775126, output would be 5.255277
2026-09-06 22:41:51.143  9525-9562  NotificationManager     com...b.lonepheasantwarrior.talkify  W  Shedding notify (update) of NotificationKey[user=UserHandle{0}, pkg=com.github.lonepheasantwarrior.talkify, tag=null, id=2001], rate limit (5.0) exceeded: input 8.804337, output would be 5.640124
